// Jest Snapshot v1, https://goo.gl/fbAQLP

exports[`/src/pages/survey/[id] Page Component (SurveyPage) should render properly 1`] = `
<form
  className="root"
  onSubmit={[Function]}
>
  <div
    style={
      Object {
        "maxWidth": "auto",
      }
    }
  >
    <img
      alt="b"
      src="a"
    />
  </div>
  <WithStyles(ForwardRef(Typography))
    component="h4"
    data-cy="SurveyPageTypography"
    variant="h4"
  >
    Foo Bar
  </WithStyles(ForwardRef(Typography))>
  <WithStyles(SurveyNotes)
    selected={null}
    setValue={[Function]}
    themeOpts={
      Object {
        "Error": Object {
          "closeOption": true,
          "duration": 6000,
          "elevation": 6,
        },
        "SurveyTopBrandImage": Object {
          "alt": "b",
          "url": "a",
        },
      }
    }
  />
  <WithStyles(ForwardRef(Typography))
    component="h4"
    variant="h4"
  >
    Fizz Fuzz
  </WithStyles(ForwardRef(Typography))>
  <SurveyComment
    label="Fizz"
    placeholder="Fuzz"
    setValue={[Function]}
    value=""
  />
  <SurveySubmit
    isSending={false}
    themeOpts={
      Object {
        "Error": Object {
          "closeOption": true,
          "duration": 6000,
          "elevation": 6,
        },
        "SurveyTopBrandImage": Object {
          "alt": "b",
          "url": "a",
        },
      }
    }
  />
  <WithStyles(ForwardRef(Snackbar))
    autoHideDuration={6000}
    onClose={[Function]}
    open={false}
  >
    <WithStyles(ForwardRef(Alert))
      elevation={6}
      onClose={[Function]}
      severity="error"
      variant="filled"
    />
  </WithStyles(ForwardRef(Snackbar))>
</form>
`;
