// Jest Snapshot v1, https://goo.gl/fbAQLP

exports[`/src/pages/survey/thanks should render properly 1`] = `
<div
  className="root"
>
  <div
    style={
      Object {
        "maxWidth": "auto",
      }
    }
  >
    <img
      alt="bbbb"
      src="aaaa"
    />
  </div>
  <WithStyles(ForwardRef(Typography))
    component="h3"
    data-cy="ThanksPageTypography"
    variant="h3"
  >
    Foo Bar
  </WithStyles(ForwardRef(Typography))>
  <WithStyles(ForwardRef(Typography))
    component="h4"
    variant="h4"
  >
    Fizz Fuzz
  </WithStyles(ForwardRef(Typography))>
</div>
`;
