// Jest Snapshot v1, https://goo.gl/fbAQLP

exports[`/src/pages/research/[id] Page Component (ResearchPage) should render properly 1`] = `
<form
  className="root"
  onSubmit={[Function]}
>
  <WithStyles(ForwardRef(Typography))
    component="h2"
    variant="h2"
  >
    Foo Bar
  </WithStyles(ForwardRef(Typography))>
  <WithStyles(ResearchNotes)
    selected={null}
    setValue={[Function]}
    themeOpts={
      Object {
        "a": 1,
      }
    }
  />
  <ResearchComment
    label="Fizz"
    placeholder="Fuzz"
    setValue={[Function]}
    value=""
  />
  <ResearchSubmit
    themeOpts={
      Object {
        "a": 1,
      }
    }
  >
    Enviar
  </ResearchSubmit>
</form>
`;
